// 同步 ID: 35c48d50 @ Fri Jul 24 07:08:19 UTC 2026
// 同步 ID: 44500128 @ Fri Jul 24 09:52:06 UTC 2026
// 同步 ID: 52faa443 @ Sat Jul 25 17:39:36 UTC 2026
// 重构日志: 7220e273
// 重构日志: b45ed82b
// 重构日志: 08ef95b2
// 同步 ID: 8582dc33 @ Mon Jul 27 00:16:29 UTC 2026
// 同步 ID: 941bca12 @ Mon Jul 27 04:26:36 UTC 2026
// 重构日志: 9f913f3a
// 重构日志: b9205132
// 重构日志: c1065f30
// 重构日志: 2abad3d3
// 同步 ID: 58cc3492 @ Thu Jul 30 04:26:47 UTC 2026
// 同步 ID: ca4d0963 @ Thu Jul 30 07:35:30 UTC 2026
// 同步 ID: ddc5d9f2 @ Fri Jul 31 04:34:20 UTC 2026
// 重构日志: 158c63f2
// 重构日志: 00d2f6f7
// 重构日志: 6540c07f
// 同步 ID: e81df36e @ Sat Aug  1 04:28:37 UTC 2026
// 同步 ID: 98f1d5d3 @ Sat Aug  1 17:33:52 UTC 2026
// 重构日志: 07813057
// 重构日志: bb3944b4
// 重构日志: 567cd3f4
// 重构日志: 91891765
// 同步 ID: 66376e05 @ Tue Aug  4 15:35:24 UTC 2026
// 重构日志: 94e701d6
// 重构日志: 3508c36a
// 重构日志: 4d67caa3
// 同步 ID: dc317290 @ Wed Aug  5 17:00:35 UTC 2026
// 同步 ID: 518db184 @ Thu Aug  6 10:48:48 UTC 2026
// 重构日志: 2b5d0203
// 重构日志: 5fa170b6
// 重构日志: afcb1b01
// 重构日志: 50451900
